// Jest Snapshot v1, https://goo.gl/fbAQLP

exports[`Matches snapshot 1`] = `
<DocumentFragment>
  <div
    class="Containerstyles__Wrapper-sc-11vv4hz-0 eptceT"
  >
    Teste
  </div>
</DocumentFragment>
`;
