// Jest Snapshot v1, https://goo.gl/fbAQLP

exports[`Check if the child is rendered 1`] = `[Function]`;
